12:37:39.862 > [37m External Reset
12:37:39.862 >  Brown out Reset
12:37:39.862 >  Watchdog Reset
12:37:39.862 > Marlin 2.1.2
12:37:39.862 > echo: Last Updated: 2022-12-17 | Author: (none, default config)
12:37:39.862 > echo: Compiled: Mar 16 2025
12:37:39.862 > echo: Free Memory: 222240  PlannerBufferBytes: 1344
12:37:40.486 > [37me[37mcho:V87 stored settings retriev[37me[37md (744 bytes; crc 592)
12:37:44.512 > [37m[37m
12:37:44.512 > abort() was called at PC 0x400[37m8[37m5ccf on core 1
12:37:44.515 > 
12:37:44.515 > 
12:37:44.515 > Backtrace: [37m0[37mx40084701:0x3ffb2060 0x4008f2e9[37m:[37m0x3ffb2080 0x40094f35:0x3ffb20a[37m0[37m 0x40085ccf:0x3ffb2120 0x40085e[37m1[37m9:0x3ffb2150 0x40115420:0x3ffb2[37m1[37m70 0x400e78ce:0x3ffb21b0 0x400e[37m7[37m7b1:0x3ffb2200 0x400d5a81:0x3ff[37mb[37m2220 0x400d59b3:0x3ffb2240 0x40[37m0[37md56f7:0x3ffb2260 0x4010f8e2:0x3[37mf[37mfb2290
12:37:44.539 > 
12:37:44.539 > 
12:37:44.539 > 
12:37:44.539 > 
12:37:44.539 > ELF file SHA256[37m:[37m 190c9f07482ed91a
12:37:44.543 > 
12:37:44.695 > [37mR[37mebooting...
12:37:44.695 > ets Jun  8 2016 00[37m:[37m22:57
12:37:44.697 > 
12:37:44.697 > rst:0xc (SW_CPU_RESET)[37m,[37mboot:0x1b (SPI_FAST_FLASH_BOOT)[37m[37m
12:37:44.703 > configsip: 0, SPIWP:0xee
12:37:44.703 > clk_[37md[37mrv:0x00,q_drv:0x00,d_drv:0x00,c[37ms[37m0_drv:0x00,hd_drv:0x00,wp_drv:0[37mx[37m00
12:37:44.711 > mode:DIO, clock div:2
12:37:44.711 > load[37m:[37m0x3fff0030,len:1184
12:37:44.714 > load:0x400[37m7[37m8000,len:13192
12:37:44.717 > load:0x40080400[37m,[37mlen:3028
12:37:44.721 > entry 0x400805e4
12:37:45.342 > [37ms[37mtart
12:37:45.370 > [37m [37mBrown out Reset
12:37:45.370 >  Watchdog Reset[37m
12:37:45.372 > [37mMarlin 2.1.2
12:37:45.372 > echo: Last Updated[37m:[37m 2022-12-17 | Author: (none, de[37mf[37mault config)
12:37:45.378 > echo: Compiled: Ma[37mr[37m 16 2025
12:37:45.381 > echo: Free Memory: 222[37m2[37m48  PlannerBufferBytes: 1344
12:37:46.160 > [37me[37mcho:V87 stored settings retriev[37me[37md (744 bytes; crc 592)
12:37:50.185 > [37m[37m
12:37:50.186 > abort() was called at PC 0x400[37m8[37m5ccf on core 1
12:37:50.188 > 
12:37:50.188 > 
12:37:50.188 > Backtrace: [37m0[37mx40084701:0x3ffb2060 0x4008f2e9[37m:[37m0x3ffb2080 0x40094f35:0x3ffb20a[37m0[37m 0x40085ccf:0x3ffb2120 0x40085e[37m1[37m9:0x3ffb2150 0x40115420:0x3ffb2[37m1[37m70 0x400e78ce:0x3ffb21b0 0x400e[37m7[37m7b1:0x3ffb2200 0x400d5a81:0x3ff[37mb[37m2220 0x400d59b3:0x3ffb2240 0x40[37m0[37md56f7:0x3ffb2260 0x4010f8e2:0x3[37mf[37mfb2290
12:37:50.213 > 
12:37:50.213 > 
12:37:50.213 > 
12:37:50.213 > 
12:37:50.213 > ELF file SHA256[37m:[37m 190c9f07482ed91a
12:37:50.217 > 
12:37:50.372 > [37mR[37mebooting...
12:37:50.373 > ets Jun  8 2016 00[37m:[37m22:57
12:37:50.375 > 
12:37:50.375 > rst:0xc (SW_CPU_RESET)[37m,[37mboot:0x1b (SPI_FAST_FLASH_BOOT)[37m[37m
12:37:50.381 > configsip: 0, SPIWP:0xee
12:37:50.381 > clk_[37md[37mrv:0x00,q_drv:0x00,d_drv:0x00,c[37ms[37m0_drv:0x00,hd_drv:0x00,wp_drv:0[37mx[37m00
12:37:50.389 > mode:DIO, clock div:2
12:37:50.389 > load[37m:[37m0x3fff0030,len:1184
12:37:50.392 > load:0x400[37m7[37m8000,len:13192
12:37:50.394 > load:0x40080400[37m,[37mlen:3028
12:37:50.399 > entry 0x400805e4
12:37:51.019 > [37ms[37mtart
12:37:51.047 > [37m [37mBrown out Reset
12:37:51.047 >  Watchdog Reset[37m
12:37:51.050 > [37mMarlin 2.1.2
12:37:51.050 > echo: Last Updated[37m:[37m 2022-12-17 | Author: (none, de[37mf[37mault config)
12:37:51.055 > echo: Compiled: Ma[37mr[37m 16 2025
12:37:51.058 > echo: Free Memory: 222[37m2[37m48  PlannerBufferBytes: 1344
12:37:51.826 > [37me[37mcho:V87 stored settings retriev[37me[37md (744 bytes; crc 592)
