14:09:25.040 > [37mstart
14:09:25.040 >  Brown out Reset
14:09:25.040 >  Watchdog Reset
14:09:25.040 > Marlin 2.1.2
14:09:25.040 > echo: Last Updated: 2022-12-17 | Author: (none, default config)
14:09:25.040 > echo: Compiled: Mar 16 2025
14:09:25.040 > echo: Free Memory: 234304  PlannerBufferBytes: 1344
14:09:25.040 > 
14:09:25.040 > abort() was called at PC 0x400854ef on core 1
14:09:25.040 > 
14:09:25.040 > 
14:09:25.040 > Backtrace: 0x40083f21:0x3ffb2040 0x4008df01:0x3ffb2060 0x40093b4d:0x3ffb2080 0x400854ef:0x3ffb2100 0x40085639:0x3ffb2130 0x40113ff0:0x3ffb2150 0x400e6cce:0x3ffb2190 0x400e6bb1:0x3ffb21e0 0x400d4f12:0x3ffb2200 0x400d4f4d:0x3ffb2220 0x400d4e8b:0x3ffb2240 0x400d4b63:0x3ffb2260 0x4010e9d2:0x3ffb2290
14:09:25.040 > 
14:09:25.040 > 
14:09:25.040 > 
14:09:25.040 > 
14:09:25.040 > ELF file SHA256: eee31b180def4324
14:09:25.040 > 
14:09:25.040 > Rebooting...
14:09:25.040 > ets Jun  8 2016 00:22:57
14:09:25.040 > 
14:09:25.040 > rst:0xc (SW_CPU_RESET),boot:0x1b (SPI_FAST_FLASH_BOOT)
14:09:25.040 > configsip: 0, SPIWP:0xee
14:09:25.040 > clk_drv:0x00,q_drv:0x00,d_drv:0x00,cs0_drv:0x00,hd_drv:0x00,wp_drv:0x00
14:09:25.040 > mode:DIO, clock div:2
14:09:25.040 > load:0x3fff0030,len:1184
14:09:25.040 > load:0x40078000,len:13192
14:09:25.040 > load:0x40080400,len:3028
14:09:25.040 > entry 0x400805e4
14:09:25.040 > start
14:09:25.040 >  Brown out Reset
14:09:25.040 >  Watchdog Reset
14:09:25.040 > Marlin 2.1.2
14:09:25.040 > echo: Last Updated: 2022-12-17 | Author: (none, default con[37mfig)
14:09:25.041 > echo: Compiled: Mar 16 2025
14:09:25.041 > echo: Free Memory: 234304  PlannerBufferBytes: 1344
14:09:25.041 > 
14:09:25.041 > abort() was called at PC 0x400854ef on core 1
14:09:25.041 > 
14:09:25.041 > 
14:09:25.041 > Backtrace: 0x40083f21:0x3ffb2040 0x4008df01:0x3ffb2060 0x40093b4d:0x3ffb2080 0x400854ef:0x3ffb2100 0x40085639:0x3ffb2130 0x40113ff0:0x3ffb2150 0x400e6cce:0x3ffb2190 0x400e6bb1:0x3ffb21e0 0x400d4f12:0x3ffb2200 0x400d4f4d:0x3ffb2220 0x400d4e8b:0x3ffb2240 0x400d4b63:0x3ffb2260 0x4010e9d2:0x3ffb2290
14:09:25.041 > 
14:09:25.041 > 
14:09:25.041 > 
14:09:25.041 > 
14:09:25.041 > ELF file SHA256: eee31b180def4324
14:09:25.041 > 
14:09:25.041 > Rebooting...
14:09:25.041 > ets Jun  8 2016 00:22:57
14:09:25.041 > 
14:09:25.041 > rst:0xc (SW_CPU_RESET),boot:0x1b (SPI_FAST_FLASH_BOOT)
14:09:25.041 > configsip: 0, SPIWP:0xee
14:09:25.041 > clk_drv:0x00,q_drv:0x00,d_drv:0x00,cs0_drv:0x00,hd_drv:0x00,wp_drv:0x00
14:09:25.041 > mode:DIO, clock div:2
14:09:25.041 > load:0x3fff0030,len:1184
14:09:25.041 > load:0x40078000,len:13192
14:09:25.041 > load:0x40080400,len:3028
14:09:25.041 > entry 0x400805e4
14:09:25.041 > start
14:09:25.041 >  Brown out Reset
14:09:25.041 >  Watchdog Reset
14:09:25.041 > Marlin 2.1.2
14:09:25.041 > echo: Last Updated: 2022-12-17 | Author: (none, default config)
14:09:25.041 > echo: Compiled: Mar 16 2025
14:09:25.041 > echo: Free Memory: 234304  PlannerBufferBytes: 1344
14:09:25.041 > 
14:09:25.041 > abort() was called at PC[37m 0x400854ef on core 1
14:09:25.041 > 
14:09:25.041 > 
14:09:25.041 > Backtrace: 0x40083f21:0x3ffb2040 0x4008df01:0x3ffb2060 0x40093b4d:0x3ffb2080 0x400854ef:0x3ffb2100 0x40085639:0x3ffb2130 0x40113ff0:0x3ffb2150 0x400e6cce:0x3ffb2190 0x400e6bb1:0x3ffb21e0 0x400d4f12:0x3ffb2200 0x400d4f4d:0x3ffb2220 0x400d4e8b:0x3ffb2240 0x400d4b63:0x3ffb2260 0x4010e9d2:0x3ffb2290
14:09:25.041 > 
14:09:25.041 > 
14:09:25.041 > 
14:09:25.041 > 
14:09:25.041 > ELF file SHA256: eee31b180def4324
14:09:25.041 > 
14:09:25.041 > Rebooting...
14:09:25.041 > ets Jun  8 2016 00:22:57
14:09:25.041 > 
14:09:25.041 > rst:0xc (SW_CPU_RESET),boot:0x1b (SPI_FAST_FLASH_BOOT)
14:09:25.041 > configsip: 0, SPIWP:0xee
14:09:25.041 > clk_drv:0x00,q_drv:0x00,d_drv:0x00,cs0_drv:0x00,hd_drv:0x00,wp_drv:0x00
14:09:25.041 > mode:DIO, clock div:2
14:09:25.041 > load:0x3fff0030,len:1184
14:09:25.041 > load:0x40078000,len:13192
14:09:25.041 > load:0x40080400,len:3028
14:09:25.041 > entry 0x400805e4
14:09:25.041 > start
14:09:25.041 >  Brown out Reset
14:09:25.041 >  Watchdog Reset
14:09:25.041 > Marlin 2.1.2
14:09:25.041 > echo: Last Updated: 2022-12-17 | Author: (none, default config)
14:09:25.041 > echo: Compiled: Mar 16 2025
14:09:25.041 > echo: Free Memory: 234304  PlannerBufferBytes: 1344
14:09:25.041 > 
14:09:25.041 > abort() was called at PC 0x400854ef on core 1
14:09:25.041 > 
14:09:25.041 > 
14:09:25.041 > Backtrace: 0x40083f21:0x3ffb2040 0x4008df01:0x3ffb2060 0x40093b4d:0x3ffb2080 0x40085[37m4ef:0x3ffb2100 0x40085639:0x3ffb2130 0x40113ff0:0x3ffb2150 0x400e6cce:0x3ffb2190 0x400e6bb1:0x3ffb21e0 0x400d4f12:0x3ffb2200 0x400d4f4d:0x3ffb2220 0x400d4e8b:0x3ffb2240 0x400d4b63:0x3ffb2260 0x4010e9d2:0x3ffb2290
14:09:25.041 > 
14:09:25.041 > 
14:09:25.041 > 
14:09:25.041 > 
14:09:25.041 > ELF file SHA256: eee31b180def4324
14:09:25.041 > 
14:09:25.041 > Rebooting...
14:09:25.041 > ets Jun  8 2016 00:22:57
14:09:25.041 > 
14:09:25.041 > rst:0xc (SW_CPU_RESET),boot:0x1b (SPI_FAST_FLASH_BOOT)
14:09:25.041 > configsip: 0, SPIWP:0xee
14:09:25.041 > clk_drv:0x00,q_drv:0x00,d_drv:0x00,cs0_drv:0x00,hd_drv:0x00,wp_drv:0x00
14:09:25.041 > mode:DIO, clock div:2
14:09:25.041 > load:0x3fff0030,len:1184
14:09:25.041 > load:0x40078000,len:13192
14:09:25.041 > load:0x40080400,len:3028
14:09:25.041 > entry 0x400805e4
14:09:25.041 > start
14:09:25.041 >  Brown out Reset
14:09:25.041 >  Watchdog Reset
14:09:25.041 > Marlin 2.1.2
14:09:25.041 > echo: Last Updated: 2022-12-17 | Author: (none, default config)
14:09:25.041 > echo: Compiled: Mar 16 2025
14:09:25.041 > echo: Free Memory: 234304  PlannerBufferBytes: 1344
14:09:25.041 > 
14:09:25.041 > abort() was called at PC 0x400854ef on core 1
14:09:25.041 > 
14:09:25.041 > 
14:09:25.041 > Backtrace: 0x40083f21:0x3ffb2040 0x4008df01:0x3ffb2060 0x40093b4d:0x3ffb2080 0x400854ef:0x3ffb2100 0x40085639:0x3ffb2130 0x40113ff0:0x3ffb2150 0x400e6cce:0x3ffb2190 0x400e6bb1:0x3ffb21e0 0x400d4f[37m12:0x3ffb2200 0x400d4f4d:0x3ffb2220 0x400d4e8b:0x3ffb2240 0x400d4b63:0x3ffb2260 0x4010e9d2:0x3ffb2290
14:09:25.041 > 
14:09:25.041 > 
14:09:25.041 > 
14:09:25.041 > 
14:09:25.041 > ELF file SHA256: eee31b180def4324
14:09:25.041 > 
14:09:25.041 > Rebooting...
14:09:25.041 > ets Jun  8 2016 00:22:57
14:09:25.041 > 
14:09:25.041 > rst:0xc (SW_CPU_RESET),boot:0x1b (SPI_FAST_FLASH_BOOT)
14:09:25.041 > configsip: 0, SPIWP:0xee
14:09:25.041 > clk_drv:0x00,q_drv:0x00,d_drv:0x00,cs0_drv:0x00,hd_drv:0x00,wp_drv:0x00
14:09:25.041 > mode:DIO, clock div:2
14:09:25.041 > load:0x3fff0030,len:1184
14:09:25.041 > load:0x40078000,len:13192
14:09:25.041 > load:0x40080400,len:3028
14:09:25.041 > entry 0x400805e4
14:09:25.113 > [37ms[37mtart
14:09:25.113 >  Brown out Reset
14:09:25.113 >  Watchdog[37m [37mReset
14:09:25.116 > Marlin 2.1.2
14:09:25.116 > echo: Last U[37mp[37mdated: 2022-12-17 | Author: (no[37mn[37me, default config)
14:09:25.121 > echo: Compil[37me[37md: Mar 16 2025
14:09:25.124 > echo: Free Memor[37my[37m: 234304  PlannerBufferBytes: 1[37m3[37m44
14:09:25.129 > 
14:09:25.129 > abort() was called at PC 0[37mx[37m400854ef on core 1
14:09:25.132 > 
14:09:25.132 > 
14:09:25.132 > Backtra[37mc[37me: 0x40083f21:0x3ffb2040 0x4008[37md[37mf01:0x3ffb2060 0x40093b4d:0x3ff[37mb[37m2080 0x400854ef:0x3ffb2100 0x40[37m0[37m85639:0x3ffb2130 0x40113ff0:0x3[37mf[37mfb2150 0x400e6cce:0x3ffb2190 0x[37m4[37m00e6bb1:0x3ffb21e0 0x400d4f12:0[37mx[37m3ffb2200 0x400d4f4d:0x3ffb2220 [37m0[37mx400d4e8b:0x3ffb2240 0x400d4b63[37m:[37m0x3ffb2260 0x4010e9d2:0x3ffb229[37m0[37m
14:09:25.160 > 
14:09:25.160 > 
14:09:25.160 > 
14:09:25.160 > 
14:09:25.160 > ELF file SHA256: eee3[37m1[37mb180def4324
14:09:25.163 > 
14:09:25.290 > [37mR[37mebooting...
14:09:25.290 > ets Jun  8 2016 00[37m:[37m22:57
14:09:25.293 > 
14:09:25.293 > rst:0xc (SW_CPU_RESET)[37m,[37mboot:0x1b (SPI_FAST_FLASH_BOOT)[37m[37m
14:09:25.298 > configsip: 0, SPIWP:0xee
14:09:25.298 > clk_[37md[37mrv:0x00,q_drv:0x00,d_drv:0x00,c[37ms[37m0_drv:0x00,hd_drv:0x00,wp_drv:0[37mx[37m00
14:09:25.307 > mode:DIO, clock div:2
14:09:25.307 > load[37m:[37m0x3fff0030,len:1184
14:09:25.309 > load:0x400[37m7[37m8000,len:13192
14:09:25.312 > load:0x40080400[37m,[37mlen:3028
14:09:25.317 > entry 0x400805e4
14:09:25.922 > [37ms[37mtart
14:09:25.922 >  Brown out Reset
14:09:25.922 >  Watchdog[37m [37mReset
14:09:25.925 > Marlin 2.1.2
14:09:25.925 > echo: Last U[37mp[37mdated: 2022-12-17 | Author: (no[37mn[37me, default config)
14:09:25.930 > echo: Compil[37me[37md: Mar 16 2025
14:09:25.933 > echo: Free Memor[37my[37m: 234304  PlannerBufferBytes: 1[37m3[37m44
14:09:25.939 > 
14:09:25.939 > abort() was called at PC 0[37mx[37m400854ef on core 1
14:09:25.941 > 
14:09:25.941 > 
14:09:25.941 > Backtra[37mc[37me: 0x40083f21:0x3ffb2040 0x4008[37md[37mf01:0x3ffb2060 0x40093b4d:0x3ff[37mb[37m2080 0x400854ef:0x3ffb2100 0x40[37m0[37m85639:0x3ffb2130 0x40113ff0:0x3[37mf[37mfb2150 0x400e6cce:0x3ffb2190 0x[37m4[37m00e6bb1:0x3ffb21e0 0x400d4f12:0[37mx[37m3ffb2200 0x400d4f4d:0x3ffb2220 [37m0[37mx400d4e8b:0x3ffb2240 0x400d4b63[37m:[37m0x3ffb2260 0x4010e9d2:0x3ffb229[37m0[37m
14:09:25.969 > 
14:09:25.969 > 
14:09:25.969 > 
14:09:25.969 > 
14:09:25.969 > ELF file SHA256: eee3[37m1[37mb180def4324
14:09:25.972 > 
14:09:26.097 > [37mR[37mebooting...
14:09:26.097 > ets Jun  8 2016 00[37m:[37m22:57
14:09:26.099 > 
14:09:26.099 > rst:0xc (SW_CPU_RESET)[37m,[37mboot:0x1b (SPI_FAST_FLASH_BOOT)[37m[37m
14:09:26.105 > configsip: 0, SPIWP:0xee
14:09:26.105 > clk_[37md[37mrv:0x00,q_drv:0x00,d_drv:0x00,c[37ms[37m0_drv:0x00,hd_drv:0x00,wp_drv:0[37mx[37m00
14:09:26.113 > mode:DIO, clock div:2
14:09:26.113 > load[37m:[37m0x3fff0030,len:1184
14:09:26.116 > load:0x400[37m7[37m8000,len:13192
14:09:26.119 > load:0x40080400[37m,[37mlen:3028
14:09:26.123 > entry 0x400805e4
14:09:26.729 > [37ms[37mtart
14:09:26.729 >  Brown out Reset
14:09:26.729 >  Watchdog[37m [37mReset
14:09:26.731 > Marlin 2.1.2
14:09:26.731 > echo: Last U[37mp[37mdated: 2022-12-17 | Author: (no[37mn[37me, default config)
14:09:26.737 > echo: Compil[37me[37md: Mar 16 2025
14:09:26.740 > echo: Free Memor[37my[37m: 234304  PlannerBufferBytes: 1[37m3[37m44
14:09:26.745 > 
14:09:26.745 > abort() was called at PC 0[37mx[37m400854ef on core 1
14:09:26.748 > 
14:09:26.748 > 
14:09:26.748 > Backtra[37mc[37me: 0x40083f21:0x3ffb2040 0x4008[37md[37mf01:0x3ffb2060 0x40093b4d:0x3ff[37mb[37m2080 0x400854ef:0x3ffb2100 0x40[37m0[37m85639:0x3ffb2130 0x40113ff0:0x3[37mf[37mfb2150 0x400e6cce:0x3ffb2190 0x[37m4[37m00e6bb1:0x3ffb21e0 0x400d4f12:0[37mx[37m3ffb2200 0x400d4f4d:0x3ffb2220 [37m0[37mx400d4e8b:0x3ffb2240 0x400d4b63[37m:[37m0x3ffb2260 0x4010e9d2:0x3ffb229[37m0[37m
14:09:26.776 > 
14:09:26.776 > 
14:09:26.776 > 
14:09:26.776 > 
14:09:26.776 > ELF file SHA256: eee3[37m1[37mb180def4324
14:09:26.779 > 
14:09:26.902 > [37mR[37mebooting...
14:09:26.902 > ets Jun  8 2016 00[37m:[37m22:57
14:09:26.904 > 
14:09:26.904 > rst:0xc (SW_CPU_RESET)[37m,[37mboot:0x1b (SPI_FAST_FLASH_BOOT)[37m[37m
14:09:26.910 > configsip: 0, SPIWP:0xee
14:09:26.910 > clk_[37md[37mrv:0x00,q_drv:0x00,d_drv:0x00,c[37ms[37m0_drv:0x00,hd_drv:0x00,wp_drv:0[37mx[37m00
14:09:26.918 > mode:DIO, clock div:2
14:09:26.918 > load[37m:[37m0x3fff0030,len:1184
14:09:26.921 > load:0x400[37m7[37m8000,len:13192
14:09:26.924 > load:0x40080400[37m,[37mlen:3028
14:09:26.928 > entry 0x400805e4
14:09:27.534 > [37ms[37mtart
14:09:27.534 >  Brown out Reset
14:09:27.534 >  Watchdog[37m [37mReset
14:09:27.536 > Marlin 2.1.2
14:09:27.536 > echo: Last U[37mp[37mdated: 2022-12-17 | Author: (no[37mn[37me, default config)
14:09:27.542 > echo: Compil[37me[37md: Mar 16 2025
14:09:27.545 > echo: Free Memor[37my[37m: 234304  PlannerBufferBytes: 1[37m3[37m44
14:09:27.550 > 
14:09:27.550 > abort() was called at PC 0[37mx[37m400854ef on core 1
14:09:27.553 > 
14:09:27.553 > 
14:09:27.553 > Backtra[37mc[37me: 0x40083f21:0x3ffb2040 0x4008[37md[37mf01:0x3ffb2060 0x40093b4d:0x3ff[37mb[37m2080 0x400854ef:0x3ffb2100 0x40[37m0[37m85639:0x3ffb2130 0x40113ff0:0x3[37mf[37mfb2150 0x400e6cce:0x3ffb2190 0x[37m4[37m00e6bb1:0x3ffb21e0 0x400d4f12:0[37mx[37m3ffb2200 0x400d4f4d:0x3ffb2220 [37m0[37mx400d4e8b:0x3ffb2240 0x400d4b63[37m:[37m0x3ffb2260 0x4010e9d2:0x3ffb229[37m0[37m
14:09:27.581 > 
14:09:27.581 > 
14:09:27.581 > 
14:09:27.581 > 
14:09:27.581 > ELF file SHA256: eee3[37m1[37mb180def4324
14:09:27.584 > 
14:09:27.707 > [37mR[37mebooting...
14:09:27.707 > ets Jun  8 2016 00[37m:[37m22:57
14:09:27.709 > 
14:09:27.709 > rst:0xc (SW_CPU_RESET)[37m,[37mboot:0x1b (SPI_FAST_FLASH_BOOT)[37m[37m
14:09:27.715 > configsip: 0, SPIWP:0xee
14:09:27.715 > clk_[37md[37mrv:0x00,q_drv:0x00,d_drv:0x00,c[37ms[37m0_drv:0x00,hd_drv:0x00,wp_drv:0[37mx[37m00
14:09:27.723 > mode:DIO, clock div:2
14:09:27.723 > load[37m:[37m0x3fff0030,len:1184
14:09:27.726 > load:0x400[37m7[37m8000,len:13192
14:09:27.729 > load:0x40080400[37m,[37mlen:3028
14:09:27.733 > entry 0x400805e4
14:09:28.339 > [37ms[37mtart
14:09:28.339 >  Brown out Reset
14:09:28.339 >  Watchdog[37m [37mReset
14:09:28.342 > Marlin 2.1.2
14:09:28.342 > echo: Last U[37mp[37mdated: 2022-12-17 | Author: (no[37mn[37me, default config)
14:09:28.347 > echo: Compil[37me[37md: Mar 16 2025
14:09:28.350 > echo: Free Memor[37my[37m: 234304  PlannerBufferBytes: 1[37m3[37m44
14:09:28.355 > 
14:09:28.355 > abort() was called at PC 0[37mx[37m400854ef on core 1
14:09:28.358 > 
14:09:28.358 > 
14:09:28.358 > Backtra[37mc[37me: 0x40083f21:0x3ffb2040 0x4008[37md[37mf01:0x3ffb2060 0x40093b4d:0x3ff[37mb[37m2080 0x400854ef:0x3ffb2100 0x40[37m0[37m85639:0x3ffb2130 0x40113ff0:0x3[37mf[37mfb2150 0x400e6cce:0x3ffb2190 0x[37m4[37m00e6bb1:0x3ffb21e0 0x400d4f12:0[37mx[37m3ffb2200 0x400d4f4d:0x3ffb2220 [37m0[37mx400d4e8b:0x3ffb2240 0x400d4b63[37m:[37m0x3ffb2260 0x4010e9d2:0x3ffb229[37m0[37m
14:09:28.386 > 
14:09:28.386 > 
14:09:28.386 > 
14:09:28.386 > 
14:09:28.386 > ELF file SHA256: eee3[37m1[37mb180def4324
14:09:28.389 > 
14:09:28.513 > [37mR[37mebooting...
14:09:28.513 > ets Jun  8 2016 00[37m:[37m22:57
14:09:28.516 > 
14:09:28.516 > rst:0xc (SW_CPU_RESET)[37m,[37mboot:0x1b (SPI_FAST_FLASH_BOOT)[37m[37m
14:09:28.521 > configsip: 0, SPIWP:0xee
14:09:28.521 > clk_[37md[37mrv:0x00,q_drv:0x00,d_drv:0x00,c[37ms[37m0_drv:0x00,hd_drv:0x00,wp_drv:0[37mx[37m00
14:09:28.530 > mode:DIO, clock div:2
14:09:28.530 > load[37m:[37m0x3fff0030,len:1184
14:09:28.533 > load:0x400[37m7[37m8000,len:13192
14:09:28.535 > load:0x40080400[37m,[37mlen:3028
14:09:28.540 > entry 0x400805e4
14:09:29.145 > [37ms[37mtart
14:09:29.145 >  Brown out Reset
14:09:29.145 >  Watchdog[37m [37mReset
14:09:29.148 > Marlin 2.1.2
14:09:29.148 > echo: Last U[37mp[37mdated: 2022-12-17 | Author: (no[37mn[37me, default config)
14:09:29.153 > echo: Compil[37me[37md: Mar 16 2025
14:09:29.156 > echo: Free Memor[37my[37m: 234304  PlannerBufferBytes: 1[37m3[37m44
14:09:29.162 > 
14:09:29.162 > abort() was called at PC 0[37mx[37m400854ef on core 1
14:09:29.165 > 
14:09:29.165 > 
14:09:29.165 > Backtra[37mc[37me: 0x40083f21:0x3ffb2040 0x4008[37md[37mf01:0x3ffb2060 0x40093b4d:0x3ff[37mb[37m2080 0x400854ef:0x3ffb2100 0x40[37m0[37m85639:0x3ffb2130 0x40113ff0:0x3[37mf[37mfb2150 0x400e6cce:0x3ffb2190 0x[37m4[37m00e6bb1:0x3ffb21e0 0x400d4f12:0[37mx[37m3ffb2200 0x400d4f4d:0x3ffb2220 [37m0[37mx400d4e8b:0x3ffb2240 0x400d4b63[37m:[37m0x3ffb2260 0x4010e9d2:0x3ffb229[37m0[37m
14:09:29.192 > 
14:09:29.192 > 
14:09:29.192 > 
14:09:29.192 > 
14:09:29.192 > ELF file SHA256: eee3[37m1[37mb180def4324
14:09:29.195 > 
14:09:29.315 > [37mR[37mebooting...
14:09:29.316 > ets Jun  8 2016 00[37m:[37m22:57
14:09:29.318 > 
14:09:29.318 > rst:0xc (SW_CPU_RESET)[37m,[37mboot:0x1b (SPI_FAST_FLASH_BOOT)[37m[37m
14:09:29.324 > configsip: 0, SPIWP:0xee
14:09:29.324 > clk_[37md[37mrv:0x00,q_drv:0x00,d_drv:0x00,c[37ms[37m0_drv:0x00,hd_drv:0x00,wp_drv:0[37mx[37m00
14:09:29.332 > mode:DIO, clock div:2
14:09:29.332 > load[37m:[37m0x3fff0030,len:1184
14:09:29.335 > load:0x400[37m7[37m8000,len:13192
14:09:29.337 > load:0x40080400[37m,[37mlen:3028
14:09:29.342 > entry 0x400805e4
