14:51:41.510 > [37mstart
14:51:41.510 > 
14:51:41.510 > abort() was called at PC 0x400854ef on core 1
14:51:41.510 > 
14:51:41.510 > 
14:51:41.510 > Backtrace: 0x40083f21:0x3ffb2060 0x4008df01:0x3ffb2080 0x40093b4d:0x3ffb20a0 0x400854ef:0x3ffb2120 0x40085639:0x3ffb2150 0x40110d20:0x3ffb2170 0x400e63c6:0x3ffb21b0 0x400e62a9:0x3ffb2200 0x400d4f21:0x3ffb2220 0x400d4de3:0x3ffb2240 0x400d4ae5:0x3ffb2260 0x4010e0ca:0x3ffb2290
14:51:41.510 > 
14:51:41.510 > 
14:51:41.510 > 
14:51:41.510 > 
14:51:41.510 > ELF file SHA256: 6952efd889d22645
14:51:41.510 > 
14:51:41.510 > Rebooting...
14:51:41.510 > ets Jun  8 2016 00:22:57
14:51:41.510 > 
14:51:41.510 > rst:0xc (SW_CPU_RESET),boot:0x1b (SPI_FAST_FLASH_BOOT)
14:51:41.510 > configsip: 0, SPIWP:0xee
14:51:41.510 > clk_drv:0x00,q_drv:0x00,d_drv:0x00,cs0_drv:0x00,hd_drv:0x00,wp_drv:0x00
14:51:41.510 > mode:DIO, clock div:2
14:51:41.510 > load:0x3fff0030,len:1184
14:51:41.510 > load:0x40078000,len:13192
14:51:41.510 > load:0x40080400,len:3028
14:51:41.510 > entry 0x400805e4
14:51:41.510 > start
14:51:41.510 > 
14:51:41.510 > abort() was called at PC 0x400854ef on core 1
14:51:41.510 > 
14:51:41.510 > 
14:51:41.510 > Backtrace: 0x40083f21:0x3ffb2060 0x4008df01:0x3ffb2080 0x40093b4d:0x3ffb20a0 0x400854ef:0x3ffb2120 0x40085639:0x3ffb2150 0x40110d20:0x3ffb2170 0x400e63c6:0x3ffb21b0 0x400e62a9:0x3ffb2200 0x400d4f21:0x3ffb2220 0x400d4de3:0x3ffb2240 0x400d4ae5:0x3ffb2260 0x4010e0ca:[37m0x3ffb2290
14:51:41.510 > 
14:51:41.510 > 
14:51:41.510 > 
14:51:41.510 > 
14:51:41.510 > ELF file SHA256: 6952efd889d22645
14:51:41.510 > 
14:51:41.510 > Rebooting...
14:51:41.510 > ets Jun  8 2016 00:22:57
14:51:41.510 > 
14:51:41.510 > rst:0xc (SW_CPU_RESET),boot:0x1b (SPI_FAST_FLASH_BOOT)
14:51:41.510 > configsip: 0, SPIWP:0xee
14:51:41.510 > clk_drv:0x00,q_drv:0x00,d_drv:0x00,cs0_drv:0x00,hd_drv:0x00,wp_drv:0x00
14:51:41.510 > mode:DIO, clock div:2
14:51:41.510 > load:0x3fff0030,len:1184
14:51:41.510 > load:0x40078000,len:13192
14:51:41.510 > load:0x40080400,len:3028
14:51:41.510 > entry 0x400805e4
14:51:41.510 > start
14:51:41.510 > 
14:51:41.510 > abort() was called at PC 0x400854ef on core 1
14:51:41.510 > 
14:51:41.510 > 
14:51:41.510 > Backtrace: 0x40083f21:0x3ffb2060 0x4008df01:0x3ffb2080 0x40093b4d:0x3ffb20a0 0x400854ef:0x3ffb2120 0x40085639:0x3ffb2150 0x40110d20:0x3ffb2170 0x400e63c6:0x3ffb21b0 0x400e62a9:0x3ffb2200 0x400d4f21:0x3ffb2220 0x400d4de3:0x3ffb2240 0x400d4ae5:0x3ffb2260 0x4010e0ca:0x3ffb2290
14:51:41.510 > 
14:51:41.510 > 
14:51:41.510 > 
14:51:41.510 > 
14:51:41.510 > ELF file SHA256: 6952efd889d22645
14:51:41.510 > 
14:51:41.510 > Rebooting...
14:51:41.510 > ets Jun  8 2016 00:22:57
14:51:41.510 > 
14:51:41.510 > rst:0xc (SW_CPU_RESET),boot:0x1b (SPI_FAST_FLASH_BOOT)
14:51:41.510 > configsip: 0, SPIWP:0xee
14:51:41.510 > clk_drv:0x00,q_drv:0x00,d_drv:0x00,cs0_drv:0x00,hd_drv:0x00,wp_drv:0x00
14:51:41.510 > mode:DIO, clock div:2
14:51:41.510 > load:0x3fff0030,len:1184
14:51:41.510 > load:0x40078000,len:[37m13192
14:51:41.510 > load:0x40080400,len:3028
14:51:41.510 > entry 0x400805e4
14:51:41.510 > start
14:51:41.510 > 
14:51:41.510 > abort() was called at PC 0x400854ef on core 1
14:51:41.510 > 
14:51:41.510 > 
14:51:41.510 > Backtrace: 0x40083f21:0x3ffb2060 0x4008df01:0x3ffb2080 0x40093b4d:0x3ffb20a0 0x400854ef:0x3ffb2120 0x40085639:0x3ffb2150 0x40110d20:0x3ffb2170 0x400e63c6:0x3ffb21b0 0x400e62a9:0x3ffb2200 0x400d4f21:0x3ffb2220 0x400d4de3:0x3ffb2240 0x400d4ae5:0x3ffb2260 0x4010e0ca:0x3ffb2290
14:51:41.510 > 
14:51:41.510 > 
14:51:41.510 > 
14:51:41.510 > 
14:51:41.510 > ELF file SHA256: 6952efd889d22645
14:51:41.510 > 
14:51:41.510 > Rebooting...
14:51:41.510 > ets Jun  8 2016 00:22:57
14:51:41.510 > 
14:51:41.510 > rst:0xc (SW_CPU_RESET),boot:0x1b (SPI_FAST_FLASH_BOOT)
14:51:41.510 > configsip: 0, SPIWP:0xee
14:51:41.510 > clk_drv:0x00,q_drv:0x00,d_drv:0x00,cs0_drv:0x00,hd_drv:0x00,wp_drv:0x00
14:51:41.510 > mode:DIO, clock div:2
14:51:41.510 > load:0x3fff0030,len:1184
14:51:41.510 > load:0x40078000,len:13192
14:51:41.510 > load:0x40080400,len:3028
14:51:41.510 > entry 0x400805e4
14:51:41.510 > start
14:51:41.510 > 
14:51:41.510 > abort() was called at PC 0x400854ef on core 1
14:51:41.510 > 
14:51:41.510 > 
14:51:41.510 > Backtrace: 0x40083f21:0x3ffb2060 0x4008df01:0x3ffb2080 0x40093b4d:0x3ffb20a0 0x400854ef:0x3ffb2120 0x40085639:0x3ffb2150 0x40110d20:0x3ffb2170 0x400e63c6:0x3ffb21b0 0x400e62a9:0x3ffb2200 0x400d4f21:0x3ffb2220 0x40[37m0d4de3:0x3ffb2240 0x400d4ae5:0x3ffb2260 0x4010e0ca:0x3ffb2290
14:51:41.510 > 
14:51:41.510 > 
14:51:41.510 > 
14:51:41.510 > 
14:51:41.510 > ELF file SHA256: 6952efd889d22645
14:51:41.510 > 
14:51:41.510 > Rebooting...
14:51:41.510 > ets Jun  8 2016 00:22:57
14:51:41.510 > 
14:51:41.510 > rst:0xc (SW_CPU_RESET),boot:0x1b (SPI_FAST_FLASH_BOOT)
14:51:41.510 > configsip: 0, SPIWP:0xee
14:51:41.510 > clk_drv:0x00,q_drv:0x00,d_drv:0x00,cs0_drv:0x00,hd_drv:0x00,wp_drv:0x00
14:51:41.510 > mode:DIO, clock div:2
14:51:41.510 > load:0x3fff0030,len:1184
14:51:41.510 > load:0x40078000,len:13192
14:51:41.510 > load:0x40080400,len:3028
14:51:41.510 > entry 0x400805e4
14:51:41.623 > [37ms[37mtart
14:51:41.623 > 
14:51:41.623 > abort() was called at PC[37m [37m0x400854ef on core 1
14:51:41.626 > 
14:51:41.626 > 
14:51:41.626 > Backt[37mr[37mace: 0x40083f21:0x3ffb2060 0x40[37m0[37m8df01:0x3ffb2080 0x40093b4d:0x3[37mf[37mfb20a0 0x400854ef:0x3ffb2120 0x[37m4[37m0085639:0x3ffb2150 0x40110d20:0[37mx[37m3ffb2170 0x400e63c6:0x3ffb21b0 [37m0[37mx400e62a9:0x3ffb2200 0x400d4f21[37m:[37m0x3ffb2220 0x400d4de3:0x3ffb224[37m0[37m 0x400d4ae5:0x3ffb2260 0x4010e0[37mc[37ma:0x3ffb2290
14:51:41.651 > 
14:51:41.651 > 
14:51:41.651 > 
14:51:41.651 > 
14:51:41.651 > ELF file [37mS[37mHA256: 6952efd889d22645
14:51:41.655 > 
14:51:41.784 > [37mR[37mebooting...
14:51:41.784 > ets Jun  8 2016 00[37m:[37m22:57
14:51:41.786 > 
14:51:41.786 > rst:0xc (SW_CPU_RESET)[37m,[37mboot:0x1b (SPI_FAST_FLASH_BOOT)[37m[37m
14:51:41.792 > configsip: 0, SPIWP:0xee
14:51:41.792 > clk_[37md[37mrv:0x00,q_drv:0x00,d_drv:0x00,c[37ms[37m0_drv:0x00,hd_drv:0x00,wp_drv:0[37mx[37m00
14:51:41.800 > mode:DIO, clock div:2
14:51:41.800 > load[37m:[37m0x3fff0030,len:1184
14:51:41.803 > load:0x400[37m7[37m8000,len:13192
14:51:41.806 > load:0x40080400[37m,[37mlen:3028
14:51:41.810 > entry 0x400805e4
14:51:42.416 > [37ms[37mtart
14:51:42.416 > 
14:51:42.416 > abort() was called at PC[37m [37m0x400854ef on core 1
14:51:42.419 > 
14:51:42.419 > 
14:51:42.419 > Backt[37mr[37mace: 0x40083f21:0x3ffb2060 0x40[37m0[37m8df01:0x3ffb2080 0x40093b4d:0x3[37mf[37mfb20a0 0x400854ef:0x3ffb2120 0x[37m4[37m0085639:0x3ffb2150 0x40110d20:0[37mx[37m3ffb2170 0x400e63c6:0x3ffb21b0 [37m0[37mx400e62a9:0x3ffb2200 0x400d4f21[37m:[37m0x3ffb2220 0x400d4de3:0x3ffb224[37m0[37m 0x400d4ae5:0x3ffb2260 0x4010e0[37mc[37ma:0x3ffb2290
14:51:42.443 > 
14:51:42.443 > 
14:51:42.443 > 
14:51:42.443 > 
14:51:42.443 > ELF file [37mS[37mHA256: 6952efd889d22645
14:51:42.447 > 
14:51:42.573 > [37mR[37mebooting...
14:51:42.574 > ets Jun  8 2016 00[37m:[37m22:57
14:51:42.576 > 
14:51:42.576 > rst:0xc (SW_CPU_RESET)[37m,[37mboot:0x1b (SPI_FAST_FLASH_BOOT)[37m[37m
14:51:42.582 > configsip: 0, SPIWP:0xee
14:51:42.582 > clk_[37md[37mrv:0x00,q_drv:0x00,d_drv:0x00,c[37ms[37m0_drv:0x00,hd_drv:0x00,wp_drv:0[37mx[37m00
14:51:42.590 > mode:DIO, clock div:2
14:51:42.590 > load[37m:[37m0x3fff0030,len:1184
14:51:42.593 > load:0x400[37m7[37m8000,len:13192
14:51:42.595 > load:0x40080400[37m,[37mlen:3028
14:51:42.600 > entry 0x400805e4
14:51:43.205 > [37ms[37mtart
14:51:43.206 > 
14:51:43.206 > abort() was called at PC[37m [37m0x400854ef on core 1
14:51:43.208 > 
14:51:43.208 > 
14:51:43.208 > Backt[37mr[37mace: 0x40083f21:0x3ffb2060 0x40[37m0[37m8df01:0x3ffb2080 0x40093b4d:0x3[37mf[37mfb20a0 0x400854ef:0x3ffb2120 0x[37m4[37m0085639:0x3ffb2150 0x40110d20:0[37mx[37m3ffb2170 0x400e63c6:0x3ffb21b0 [37m0[37mx400e62a9:0x3ffb2200 0x400d4f21[37m:[37m0x3ffb2220 0x400d4de3:0x3ffb224[37m0[37m 0x400d4ae5:0x3ffb2260 0x4010e0[37mc[37ma:0x3ffb2290
14:51:43.233 > 
14:51:43.233 > 
14:51:43.233 > 
14:51:43.233 > 
14:51:43.233 > ELF file [37mS[37mHA256: 6952efd889d22645
14:51:43.237 > 
14:51:43.365 > [37mR[37mebooting...
14:51:43.365 > ets Jun  8 2016 00[37m:[37m22:57
14:51:43.367 > 
14:51:43.367 > rst:0xc (SW_CPU_RESET)[37m,[37mboot:0x1b (SPI_FAST_FLASH_BOOT)[37m[37m
14:51:43.373 > configsip: 0, SPIWP:0xee
14:51:43.373 > clk_[37md[37mrv:0x00,q_drv:0x00,d_drv:0x00,c[37ms[37m0_drv:0x00,hd_drv:0x00,wp_drv:0[37mx[37m00
14:51:43.381 > mode:DIO, clock div:2
14:51:43.381 > load[37m:[37m0x3fff0030,len:1184
14:51:43.384 > load:0x400[37m7[37m8000,len:13192
14:51:43.387 > load:0x40080400[37m,[37mlen:3028
14:51:43.391 > entry 0x400805e4
14:51:43.996 > [37ms[37mtart
14:51:43.996 > 
14:51:43.996 > abort() was called at PC[37m [37m0x400854ef on core 1
14:51:43.999 > 
14:51:43.999 > 
14:51:43.999 > Backt[37mr[37mace: 0x40083f21:0x3ffb2060 0x40[37m0[37m8df01:0x3ffb2080 0x40093b4d:0x3[37mf[37mfb20a0 0x400854ef:0x3ffb2120 0x[37m4[37m0085639:0x3ffb2150 0x40110d20:0[37mx[37m3ffb2170 0x400e63c6:0x3ffb21b0 [37m0[37mx400e62a9:0x3ffb2200 0x400d4f21[37m:[37m0x3ffb2220 0x400d4de3:0x3ffb224[37m0[37m 0x400d4ae5:0x3ffb2260 0x4010e0[37mc[37ma:0x3ffb2290
14:51:44.024 > 
14:51:44.024 > 
14:51:44.024 > 
14:51:44.024 > 
14:51:44.024 > ELF file [37mS[37mHA256: 6952efd889d22645
14:51:44.028 > 
14:51:44.158 > [37mR[37mebooting...
14:51:44.158 > ets Jun  8 2016 00[37m:[37m22:57
14:51:44.160 > 
14:51:44.160 > rst:0xc (SW_CPU_RESET)[37m,[37mboot:0x1b (SPI_FAST_FLASH_BOOT)[37m[37m
14:51:44.166 > configsip: 0, SPIWP:0xee
14:51:44.166 > clk_[37md[37mrv:0x00,q_drv:0x00,d_drv:0x00,c[37ms[37m0_drv:0x00,hd_drv:0x00,wp_drv:0[37mx[37m00
14:51:44.174 > mode:DIO, clock div:2
14:51:44.174 > load[37m:[37m0x3fff0030,len:1184
14:51:44.177 > load:0x400[37m7[37m8000,len:13192
14:51:44.180 > load:0x40080400[37m,[37mlen:3028
14:51:44.184 > entry 0x400805e4
14:51:44.789 > [37ms[37mtart
14:51:44.790 > 
14:51:44.790 > abort() was called at PC[37m [37m0x400854ef on core 1
14:51:44.792 > 
14:51:44.792 > 
14:51:44.792 > Backt[37mr[37mace: 0x40083f21:0x3ffb2060 0x40[37m0[37m8df01:0x3ffb2080 0x40093b4d:0x3[37mf[37mfb20a0 0x400854ef:0x3ffb2120 0x[37m4[37m0085639:0x3ffb2150 0x40110d20:0[37mx[37m3ffb2170 0x400e63c6:0x3ffb21b0 [37m0[37mx400e62a9:0x3ffb2200 0x400d4f21[37m:[37m0x3ffb2220 0x400d4de3:0x3ffb224[37m0[37m 0x400d4ae5:0x3ffb2260 0x4010e0[37mc[37ma:0x3ffb2290
14:51:44.817 > 
14:51:44.817 > 
14:51:44.817 > 
14:51:44.817 > 
14:51:44.817 > ELF file [37mS[37mHA256: 6952efd889d22645
14:51:44.821 > 
14:51:44.952 > [37mR[37mebooting...
14:51:44.952 > ets Jun  8 2016 00[37m:[37m22:57
14:51:44.955 > 
14:51:44.955 > rst:0xc (SW_CPU_RESET)[37m,[37mboot:0x1b (SPI_FAST_FLASH_BOOT)[37m[37m
14:51:44.960 > configsip: 0, SPIWP:0xee
14:51:44.960 > clk_[37md[37mrv:0x00,q_drv:0x00,d_drv:0x00,c[37ms[37m0_drv:0x00,hd_drv:0x00,wp_drv:0[37mx[37m00
14:51:44.969 > mode:DIO, clock div:2
14:51:44.969 > load[37m:[37m0x3fff0030,len:1184
14:51:44.971 > load:0x400[37m7[37m8000,len:13192
14:51:44.974 > load:0x40080400[37m,[37mlen:3028
14:51:44.979 > entry 0x400805e4
14:51:45.584 > [37ms[37mtart
14:51:45.584 > 
14:51:45.584 > abort() was called at PC[37m [37m0x400854ef on core 1
14:51:45.586 > 
14:51:45.586 > 
14:51:45.586 > Backt[37mr[37mace: 0x40083f21:0x3ffb2060 0x40[37m0[37m8df01:0x3ffb2080 0x40093b4d:0x3[37mf[37mfb20a0 0x400854ef:0x3ffb2120 0x[37m4[37m0085639:0x3ffb2150 0x40110d20:0[37mx[37m3ffb2170 0x400e63c6:0x3ffb21b0 [37m0[37mx400e62a9:0x3ffb2200 0x400d4f21[37m:[37m0x3ffb2220 0x400d4de3:0x3ffb224[37m0[37m 0x400d4ae5:0x3ffb2260 0x4010e0[37mc[37ma:0x3ffb2290
14:51:45.611 > 
14:51:45.611 > 
14:51:45.611 > 
14:51:45.611 > 
14:51:45.611 > ELF file [37mS[37mHA256: 6952efd889d22645
14:51:45.616 > 
14:51:45.745 > [37mR[37mebooting...
14:51:45.745 > ets Jun  8 2016 00[37m:[37m22:57
14:51:45.747 > 
14:51:45.747 > rst:0xc (SW_CPU_RESET)[37m,[37mboot:0x1b (SPI_FAST_FLASH_BOOT)[37m[37m
14:51:45.753 > configsip: 0, SPIWP:0xee
14:51:45.753 > clk_[37md[37mrv:0x00,q_drv:0x00,d_drv:0x00,c[37ms[37m0_drv:0x00,hd_drv:0x00,wp_drv:0[37mx[37m00
14:51:45.761 > mode:DIO, clock div:2
14:51:45.761 > load[37m:[37m0x3fff0030,len:1184
14:51:45.764 > load:0x400[37m7[37m8000,len:13192
14:51:45.767 > load:0x40080400[37m,[37mlen:3028
14:51:45.771 > entry 0x400805e4
14:51:46.376 > [37ms[37mtart
14:51:46.377 > 
14:51:46.377 > abort() was called at PC[37m [37m0x400854ef on core 1
14:51:46.379 > 
14:51:46.379 > 
14:51:46.379 > Backt[37mr[37mace: 0x40083f21:0x3ffb2060 0x40[37m0[37m8df01:0x3ffb2080 0x40093b4d:0x3[37mf[37mfb20a0 0x400854ef:0x3ffb2120 0x[37m4[37m0085639:0x3ffb2150 0x40110d20:0[37mx[37m3ffb2170 0x400e63c6:0x3ffb21b0 [37m0[37mx400e62a9:0x3ffb2200 0x400d4f21[37m:[37m0x3ffb2220 0x400d4de3:0x3ffb224[37m0[37m 0x400d4ae5:0x3ffb2260 0x4010e0[37mc[37ma:0x3ffb2290
14:51:46.404 > 
14:51:46.404 > 
14:51:46.404 > 
14:51:46.404 > 
14:51:46.404 > ELF file [37mS[37mHA256: 6952efd889d22645
14:51:46.408 > 
14:51:46.541 > [37mR[37mebooting...
14:51:46.541 > ets Jun  8 2016 00[37m:[37m22:57
14:51:46.544 > 
14:51:46.544 > rst:0xc (SW_CPU_RESET)[37m,[37mboot:0x1b (SPI_FAST_FLASH_BOOT)[37m[37m
14:51:46.549 > configsip: 0, SPIWP:0xee
14:51:46.549 > clk_[37md[37mrv:0x00,q_drv:0x00,d_drv:0x00,c[37ms[37m0_drv:0x00,hd_drv:0x00,wp_drv:0[37mx[37m00
14:51:46.558 > mode:DIO, clock div:2
14:51:46.558 > load[37m:[37m0x3fff0030,len:1184
14:51:46.560 > load:0x400[37m7[37m8000,len:13192
14:51:46.563 > load:0x40080400[37m,[37mlen:3028
14:51:46.568 > entry 0x400805e4
14:51:47.173 > [37ms[37mtart
14:51:47.174 > 
14:51:47.174 > abort() was called at PC[37m [37m0x400854ef on core 1
14:51:47.176 > 
14:51:47.176 > 
14:51:47.176 > Backt[37mr[37mace: 0x40083f21:0x3ffb2060 0x40[37m0[37m8df01:0x3ffb2080 0x40093b4d:0x3[37mf[37mfb20a0 0x400854ef:0x3ffb2120 0x[37m4[37m0085639:0x3ffb2150 0x40110d20:0[37mx[37m3ffb2170 0x400e63c6:0x3ffb21b0 [37m0[37mx400e62a9:0x3ffb2200 0x400d4f21[37m:[37m0x3ffb2220 0x400d4de3:0x3ffb224[37m0[37m 0x400d4ae5:0x3ffb2260 0x4010e0[37mc[37ma:0x3ffb2290
14:51:47.200 > 
14:51:47.200 > 
14:51:47.200 > 
14:51:47.200 > 
14:51:47.200 > ELF file [37mS[37mHA256: 6952efd889d22645
14:51:47.205 > 
14:51:47.338 > [37mR[37mebooting...
14:51:47.338 > ets Jun  8 2016 00[37m:[37m22:57
14:51:47.341 > 
14:51:47.341 > rst:0xc (SW_CPU_RESET)[37m,[37mboot:0x1b (SPI_FAST_FLASH_BOOT)[37m[37m
14:51:47.346 > configsip: 0, SPIWP:0xee
14:51:47.346 > clk_[37md[37mrv:0x00,q_drv:0x00,d_drv:0x00,c[37ms[37m0_drv:0x00,hd_drv:0x00,wp_drv:0[37mx[37m00
14:51:47.354 > mode:DIO, clock div:2
14:51:47.354 > load[37m:[37m0x3fff0030,len:1184
14:51:47.358 > load:0x400[37m7[37m8000,len:13192
14:51:47.360 > load:0x40080400[37m,[37mlen:3028
14:51:47.364 > entry 0x400805e4
14:51:47.970 > [37ms[37mtart
14:51:47.970 > 
14:51:47.970 > abort() was called at PC[37m [37m0x400854ef on core 1
14:51:47.972 > 
14:51:47.972 > 
14:51:47.972 > Backt[37mr[37mace: 0x40083f21:0x3ffb2060 0x40[37m0[37m8df01:0x3ffb2080 0x40093b4d:0x3[37mf[37mfb20a0 0x400854ef:0x3ffb2120 0x[37m4[37m0085639:0x3ffb2150 0x40110d20:0[37mx[37m3ffb2170 0x400e63c6:0x3ffb21b0 [37m0[37mx400e62a9:0x3ffb2200 0x400d4f21[37m:[37m0x3ffb2220 0x400d4de3:0x3ffb224[37m0[37m 0x400d4ae5:0x3ffb2260 0x4010e0[37mc[37ma:0x3ffb2290
14:51:47.997 > 
14:51:47.997 > 
14:51:47.997 > 
14:51:47.997 > 
14:51:47.997 > ELF file [37mS[37mHA256: 6952efd889d22645
14:51:48.002 > 
14:51:48.137 > [37mR[37mebooting...
14:51:48.137 > ets Jun  8 2016 00[37m:[37m22:57
14:51:48.139 > 
14:51:48.139 > rst:0xc (SW_CPU_RESET)[37m,[37mboot:0x1b (SPI_FAST_FLASH_BOOT)[37m[37m
14:51:48.145 > configsip: 0, SPIWP:0xee
14:51:48.145 > clk_[37md[37mrv:0x00,q_drv:0x00,d_drv:0x00,c[37ms[37m0_drv:0x00,hd_drv:0x00,wp_drv:0[37mx[37m00
14:51:48.153 > mode:DIO, clock div:2
14:51:48.153 > load[37m:[37m0x3fff0030,len:1184
14:51:48.156 > load:0x400[37m7[37m8000,len:13192
14:51:48.159 > load:0x40080400[37m,[37mlen:3028
14:51:48.163 > entry 0x400805e4
